[2026-05-10T08:57:38.663+00:00] ======================================================================
[2026-05-10T08:57:38.665+00:00] Streamer starting PID=48886 interval=30.0s retention_days=1
[2026-05-10T08:57:38.665+00:00]   substrate=/Applications/DWSIM.app/Contents/MonoBundle/samples/Petroleum Distillation with Reboiler Heating Fluid.dwxmz
[2026-05-10T08:57:38.665+00:00]   tag_dict=/Users/sowthrisomasundaram/Documents/AISolutionPortfolio/2.AssetsAI/1.RefineryDigitalTwin/3.probes/phase0a/phase0a_tag_dictionary.json
[2026-05-10T08:57:38.665+00:00]   output_dir=/Users/sowthrisomasundaram/Documents/AISolutionPortfolio/2.AssetsAI/1.RefineryDigitalTwin/4.snapshots/stage2
[2026-05-10T08:57:38.665+00:00] FATAL: tag dict not found: /Users/sowthrisomasundaram/Documents/AISolutionPortfolio/2.AssetsAI/1.RefineryDigitalTwin/3.probes/phase0a/phase0a_tag_dictionary.json
[2026-05-10T09:09:12.172+00:00] ======================================================================
[2026-05-10T09:09:12.173+00:00] Streamer starting PID=49771 interval=30.0s retention_days=1
[2026-05-10T09:09:12.173+00:00]   substrate=/Applications/DWSIM.app/Contents/MonoBundle/samples/Petroleum Distillation with Reboiler Heating Fluid.dwxmz
[2026-05-10T09:09:12.173+00:00]   tag_dict=/Users/sowthrisomasundaram/Documents/AISolutionPortfolio/2.AssetsAI/1.RefineryDigitalTwin/3.probes/phase0a/phase0a_tag_dictionary.json
[2026-05-10T09:09:12.173+00:00]   output_dir=/Users/sowthrisomasundaram/Documents/AISolutionPortfolio/2.AssetsAI/1.RefineryDigitalTwin/4.snapshots/stage2
[2026-05-10T09:09:12.180+00:00]   tag count:  1550 (sanity gate passed)
[2026-05-10T09:09:18.534+00:00] DWSIM Automation3 instantiated; loading flowsheet...
[2026-05-10T09:09:23.686+00:00] Flowsheet loaded
[2026-05-10T09:09:23.746+00:00] Object map: 23 entries; phase maps for 10 streams
[2026-05-10T09:09:23.746+00:00] Initial solve (gate)...
[2026-05-10T09:09:26.816+00:00] Initial solve duration: 3.057s
[2026-05-10T09:09:26.833+00:00] Active file: stream_2026-05-10T09.jsonl; startup retention sweep: kept 1, deleted 0
[2026-05-10T09:09:26.833+00:00] Initial solve OK; entering main loop
[2026-05-10T09:09:29.005+00:00] cycle=0 solved=true tags=1550/1550 errors=0 duration=2.171s
[2026-05-10T09:09:58.914+00:00] cycle=1 solved=true tags=1550/1550 errors=0 duration=2.076s
[2026-05-10T09:10:28.847+00:00] cycle=2 solved=true tags=1550/1550 errors=0 duration=2.004s
[2026-05-10T09:10:58.748+00:00] cycle=3 solved=true tags=1550/1550 errors=0 duration=1.903s
[2026-05-10T09:11:29.374+00:00] cycle=4 solved=true tags=1550/1550 errors=0 duration=2.528s
[2026-05-10T09:12:00.156+00:00] cycle=5 solved=true tags=1550/1550 errors=0 duration=3.305s
[2026-05-10T09:12:28.773+00:00] cycle=6 solved=true tags=1550/1550 errors=0 duration=1.921s
[2026-05-10T09:12:34.549+00:00] Received signal 2; shutdown after current cycle
[2026-05-10T09:12:34.826+00:00] Streamer stopped after 7 cycles (188.0s), 0 cumulative tag errors
